// Jest Snapshot v1, https://goo.gl/fbAQLP

exports[`tests against snapshot 1`] = `ReactWrapper {}`;
